// Jest Snapshot v1, https://goo.gl/fbAQLP

exports[`CounterButton Component Will render the Component with state 1`] = `
ShallowWrapper {
  "length": 1,
  Symbol(enzyme.__root__): [Circular],
  Symbol(enzyme.__unrendered__): <CounterButton
    color="red"
/>,
  Symbol(enzyme.__renderer__): Object {
    "batchedUpdates": [Function],
    "getNode": [Function],
    "render": [Function],
    "simulateEvent": [Function],
    "unmount": [Function],
  },
  Symbol(enzyme.__node__): Object {
    "instance": null,
    "key": undefined,
    "nodeType": "host",
    "props": Object {
      "children": Array [
        "Count: ",
        0,
      ],
      "color": "red",
      "onClick": [Function],
    },
    "ref": null,
    "rendered": Array [
      "Count: ",
      0,
    ],
    "type": "button",
  },
  Symbol(enzyme.__nodes__): Array [
    Object {
      "instance": null,
      "key": undefined,
      "nodeType": "host",
      "props": Object {
        "children": Array [
          "Count: ",
          0,
        ],
        "color": "red",
        "onClick": [Function],
      },
      "ref": null,
      "rendered": Array [
        "Count: ",
        0,
      ],
      "type": "button",
    },
  ],
  Symbol(enzyme.__options__): Object {
    "adapter": ReactSixteenAdapter {
      "options": Object {
        "enableComponentDidUpdateOnSetState": true,
      },
    },
  },
}
`;
